Microsoft (R) Build Engine version 16.11.6+a918ceb31 for .NET Framework
Copyright (C) Microsoft Corporation. All rights reserved.

  orderbook.vcxproj -> C:\Users\BIT\hft_system\build\orderbook\Release\orderbook.lib
  spdlog.vcxproj -> C:\Users\BIT\hft_system\build\_deps\spdlog-build\Release\spdlog.lib
  benchmarks.vcxproj -> C:\Users\BIT\hft_system\build\Release\benchmarks.exe
  matching_engine.cpp
C:\Users\BIT\hft_system\exchange\matching_engine.cpp(60,20): error C2065: 'dummy_req': undeclared identifier [C:\Users\BIT\hft_system\build\exchange.vcxproj]
C:\Users\BIT\hft_system\exchange\matching_engine.cpp(69,69): error C2660: 'hft::exchange::MatchingEngine::emit_execution': function does not take 4 arguments [C:\Users\BIT\hft_system\build\exchange.vcxproj]
C:\Users\BIT\hft_system\exchange\matching_engine.hpp(28,10): message : see declaration of 'hft::exchange::MatchingEngine::emit_execution' [C:\Users\BIT\hft_system\build\exchange.vcxproj]
  execution.vcxproj -> C:\Users\BIT\hft_system\build\execution\Release\execution.lib
  feed.vcxproj -> C:\Users\BIT\hft_system\build\feed\Release\feed.lib
  risk.vcxproj -> C:\Users\BIT\hft_system\build\risk\Release\risk.lib
  oms.vcxproj -> C:\Users\BIT\hft_system\build\Release\oms.lib
  simdjson.vcxproj -> C:\Users\BIT\hft_system\build\_deps\simdjson-build\Release\simdjson.lib
  parser.vcxproj -> C:\Users\BIT\hft_system\build\parser\Release\parser.lib
  pnl.vcxproj -> C:\Users\BIT\hft_system\build\pnl\Release\pnl.lib
  replay.vcxproj -> C:\Users\BIT\hft_system\build\replay\Release\replay.lib
  strategy_engine.cpp
C:\Users\BIT\hft_system\strategy\strategy_engine.cpp(94,5): error C2065: 'req': undeclared identifier [C:\Users\BIT\hft_system\build\strategy\strategy.vcxproj]
C:\Users\BIT\hft_system\strategy\strategy_engine.cpp(95,22): error C2065: 'req': undeclared identifier [C:\Users\BIT\hft_system\build\strategy\strategy.vcxproj]
  ui.vcxproj -> C:\Users\BIT\hft_system\build\ui\Release\ui.lib
